// Bun Snapshot v1, https://goo.gl/fbAQLP

exports[`formatTypeScript 1`] = `
"const a = 1;
const b = "foo";
function c() {
    return null;
}
"
`;
