// Bun Snapshot v1, https://goo.gl/fbAQLP

exports[`compile 1`] = `
"export const attributes = [{"name":"id","type":"number"},{"name":"name","type":"string"}];
export const html = \`<div>
    {$scope.id}
</div>
<div>{$scope.name}</div>
<ul>
    <li mx-each={$scope.items} mx-as="item" id={$scope.item.id}>{$scope.item.name}</li>
</ul>
\`;

interface Attributes {
    id: number;
    name: string;
}
export default async function (Helper: Helper, Attributes: Attributes) {
    const items = [{ id: 1, name: "one" }, { id: 2, name: "two" }];
    return { Helper, Attributes, items };
}
"
`;
