// Bun Snapshot v1, https://goo.gl/fbAQLP

exports[`compile 1`] = `
"export const attributes = [{"name":"id","type":"number"},{"name":"name","type":"string"}];
export const html = "<div>\n    {$scope.id}\n</div>\n<div>{$scope.name}</div>\n<ul>\n    <li mx-each={$scope.items} mx-as=\"item\" id={$scope.item.id}>{$scope.item.name}</li>\n</ul>\n";

interface Attributes {
    id: number;
    name: string;
}
export default async function (Helper: Helper, Attributes: Attributes) {
    const items = [{ id: 1, name: "one" }, { id: 2, name: "two" }];
    return { Helper, Attributes, items };
}
"
`;
