// Bun Snapshot v1, https://goo.gl/fbAQLP

exports[`reload 1`] = `
"<div>
  Reload Test 1
</div>
"
`;

exports[`reload 2`] = `
"<div>
  Reload Test 1
</div>
"
`;
